Archive member included to satisfy reference by file (symbol)

c:/program files (x86)/atmel/studio/7.0/toolchain/avr8/avr8-gnu-toolchain/bin/../lib/gcc/avr/4.9.2/avr5\libgcc.a(_divmodhi4.o)
                              lcd/lcd_hd44780_avr.o (__divmodhi4)
c:/program files (x86)/atmel/studio/7.0/toolchain/avr8/avr8-gnu-toolchain/bin/../lib/gcc/avr/4.9.2/avr5\libgcc.a(_exit.o)
                              C:/Program Files (x86)/Atmel/Studio/7.0/Packs/atmel/ATmega_DFP/1.0.90/gcc/dev/atmega32/avr5/crtatmega32.o (exit)
c:/program files (x86)/atmel/studio/7.0/toolchain/avr8/avr8-gnu-toolchain/bin/../lib/gcc/avr/4.9.2/avr5\libgcc.a(_copy_data.o)
                              lcd/lcd_hd44780_avr.o (__do_copy_data)
c:/program files (x86)/atmel/studio/7.0/toolchain/avr8/avr8-gnu-toolchain/bin/../lib/gcc/avr/4.9.2/avr5\libgcc.a(_clear_bss.o)
                              main.o (__do_clear_bss)
c:/program files (x86)/atmel/studio/7.0/toolchain/avr8/avr8-gnu-toolchain/bin/../lib/gcc/avr/4.9.2/avr5\libgcc.a(_udivmodhi4.o)
                              c:/program files (x86)/atmel/studio/7.0/toolchain/avr8/avr8-gnu-toolchain/bin/../lib/gcc/avr/4.9.2/avr5\libgcc.a(_divmodhi4.o) (__udivmodhi4)
c:/program files (x86)/atmel/studio/7.0/toolchain/avr8/avr8-gnu-toolchain/bin/../lib/gcc/avr/4.9.2/../../../../avr/lib/avr5\libc.a(atoi.o)
                              main.o (atoi)
c:/program files (x86)/atmel/studio/7.0/toolchain/avr8/avr8-gnu-toolchain/bin/../lib/gcc/avr/4.9.2/../../../../avr/lib/avr5\libc.a(isalnum.o)
                              tux/websrv_help_functions.o (isalnum)
c:/program files (x86)/atmel/studio/7.0/toolchain/avr8/avr8-gnu-toolchain/bin/../lib/gcc/avr/4.9.2/../../../../avr/lib/avr5\libc.a(cty_isfalse.o)
                              c:/program files (x86)/atmel/studio/7.0/toolchain/avr8/avr8-gnu-toolchain/bin/../lib/gcc/avr/4.9.2/../../../../avr/lib/avr5\libc.a(isalnum.o) (__ctype_isfalse)
c:/program files (x86)/atmel/studio/7.0/toolchain/avr8/avr8-gnu-toolchain/bin/../lib/gcc/avr/4.9.2/../../../../avr/lib/avr5\libc.a(isalpha.o)
                              c:/program files (x86)/atmel/studio/7.0/toolchain/avr8/avr8-gnu-toolchain/bin/../lib/gcc/avr/4.9.2/../../../../avr/lib/avr5\libc.a(isalnum.o) (isalpha)
c:/program files (x86)/atmel/studio/7.0/toolchain/avr8/avr8-gnu-toolchain/bin/../lib/gcc/avr/4.9.2/../../../../avr/lib/avr5\libc.a(isblank.o)
                              tux/ip_arp_udp_tcp.o (isblank)
c:/program files (x86)/atmel/studio/7.0/toolchain/avr8/avr8-gnu-toolchain/bin/../lib/gcc/avr/4.9.2/../../../../avr/lib/avr5\libc.a(memcmp.o)
                              tux/ip_arp_udp_tcp.o (memcmp)
c:/program files (x86)/atmel/studio/7.0/toolchain/avr8/avr8-gnu-toolchain/bin/../lib/gcc/avr/4.9.2/../../../../avr/lib/avr5\libc.a(strncmp.o)
                              main.o (strncmp)
c:/program files (x86)/atmel/studio/7.0/toolchain/avr8/avr8-gnu-toolchain/bin/../lib/gcc/avr/4.9.2/../../../../avr/lib/avr5\libc.a(itoa.o)
                              tux/websrv_help_functions.o (__itoa)
c:/program files (x86)/atmel/studio/7.0/toolchain/avr8/avr8-gnu-toolchain/bin/../lib/gcc/avr/4.9.2/../../../../avr/lib/avr5\libc.a(itoa_ncheck.o)
                              main.o (__itoa_ncheck)
c:/program files (x86)/atmel/studio/7.0/toolchain/avr8/avr8-gnu-toolchain/bin/../lib/gcc/avr/4.9.2/../../../../avr/lib/avr5\libc.a(mul10.o)
                              c:/program files (x86)/atmel/studio/7.0/toolchain/avr8/avr8-gnu-toolchain/bin/../lib/gcc/avr/4.9.2/../../../../avr/lib/avr5\libc.a(atoi.o) (__mulhi_const_10)
c:/program files (x86)/atmel/studio/7.0/toolchain/avr8/avr8-gnu-toolchain/bin/../lib/gcc/avr/4.9.2/../../../../avr/lib/avr5\libc.a(utoa_ncheck.o)
                              c:/program files (x86)/atmel/studio/7.0/toolchain/avr8/avr8-gnu-toolchain/bin/../lib/gcc/avr/4.9.2/../../../../avr/lib/avr5\libc.a(itoa_ncheck.o) (__utoa_common)
c:/program files (x86)/atmel/studio/7.0/toolchain/avr8/avr8-gnu-toolchain/bin/../lib/gcc/avr/4.9.2/../../../../avr/lib/avr5\libc.a(strrev.o)
                              c:/program files (x86)/atmel/studio/7.0/toolchain/avr8/avr8-gnu-toolchain/bin/../lib/gcc/avr/4.9.2/../../../../avr/lib/avr5\libc.a(utoa_ncheck.o) (strrev)

Allocating common symbols
Common symbol       size              file

client_arp_result_callback
                    0x2               tux/ip_arp_udp_tcp.o

Discarded input sections

 .data          0x00000000        0x0 C:/Program Files (x86)/Atmel/Studio/7.0/Packs/atmel/ATmega_DFP/1.0.90/gcc/dev/atmega32/avr5/crtatmega32.o
 .bss           0x00000000        0x0 C:/Program Files (x86)/Atmel/Studio/7.0/Packs/atmel/ATmega_DFP/1.0.90/gcc/dev/atmega32/avr5/crtatmega32.o
 .text          0x00000000        0x0 lcd/lcd_hd44780_avr.o
 .data          0x00000000        0x0 lcd/lcd_hd44780_avr.o
 .bss           0x00000000        0x0 lcd/lcd_hd44780_avr.o
 .text.LCDBusyLoop
                0x00000000       0x36 lcd/lcd_hd44780_avr.o
 .text.LCDByte  0x00000000       0x3a lcd/lcd_hd44780_avr.o
 .text.LCDInit  0x00000000       0x8c lcd/lcd_hd44780_avr.o
 .text.LCDWriteString
                0x00000000       0x5e lcd/lcd_hd44780_avr.o
 .text.LCDWriteFString
                0x00000000       0x54 lcd/lcd_hd44780_avr.o
 .text.LCDWriteInt
                0x00000000       0xdc lcd/lcd_hd44780_avr.o
 .text.LCDGotoXY
                0x00000000       0x24 lcd/lcd_hd44780_avr.o
 .data.__cgram  0x00000000       0x40 lcd/lcd_hd44780_avr.o
 .debug_info    0x00000000      0x93b lcd/lcd_hd44780_avr.o
 .debug_abbrev  0x00000000      0x250 lcd/lcd_hd44780_avr.o
 .debug_loc     0x00000000      0x5fe lcd/lcd_hd44780_avr.o
 .debug_aranges
                0x00000000       0x50 lcd/lcd_hd44780_avr.o
 .debug_ranges  0x00000000       0x40 lcd/lcd_hd44780_avr.o
 .debug_line    0x00000000      0x2e6 lcd/lcd_hd44780_avr.o
 .debug_str     0x00000000      0x288 lcd/lcd_hd44780_avr.o
 .comment       0x00000000       0x31 lcd/lcd_hd44780_avr.o
 .debug_frame   0x00000000       0xe0 lcd/lcd_hd44780_avr.o
 .text          0x00000000        0x0 main.o
 .data          0x00000000        0x0 main.o
 .bss           0x00000000        0x0 main.o
 .text          0x00000000        0x0 tux/dnslkup.o
 .data          0x00000000        0x0 tux/dnslkup.o
 .bss           0x00000000        0x0 tux/dnslkup.o
 .text.string_is_ipv4
                0x00000000       0x52 tux/dnslkup.o
 .text          0x00000000        0x0 tux/enc28j60.o
 .data          0x00000000        0x0 tux/enc28j60.o
 .bss           0x00000000        0x0 tux/enc28j60.o
 .text.enc28j60getrev
                0x00000000        0xe tux/enc28j60.o
 .text.enc28j60hasRxPkt
                0x00000000       0x12 tux/enc28j60.o
 .text          0x00000000        0x0 tux/ip_arp_udp_tcp.o
 .data          0x00000000        0x0 tux/ip_arp_udp_tcp.o
 .bss           0x00000000        0x0 tux/ip_arp_udp_tcp.o
 .text.client_ifconfig
                0x00000000       0x38 tux/ip_arp_udp_tcp.o
 .text.route_via_gw
                0x00000000       0x46 tux/ip_arp_udp_tcp.o
 .text.send_udp
                0x00000000       0x78 tux/ip_arp_udp_tcp.o
 .text.client_http_post
                0x00000000       0xa0 tux/ip_arp_udp_tcp.o
 .data.ipnetmask
                0x00000000        0x4 tux/ip_arp_udp_tcp.o
 .text          0x00000000        0x0 tux/websrv_help_functions.o
 .data          0x00000000        0x0 tux/websrv_help_functions.o
 .bss           0x00000000        0x0 tux/websrv_help_functions.o
 .text.find_key_val
                0x00000000       0xfc tux/websrv_help_functions.o
 .text.h2int    0x00000000       0x28 tux/websrv_help_functions.o
 .text.urldecode
                0x00000000       0x76 tux/websrv_help_functions.o
 .text.int2h    0x00000000       0x30 tux/websrv_help_functions.o
 .text.urlencode
                0x00000000       0x5c tux/websrv_help_functions.o
 .text.parse_ip
                0x00000000       0xe6 tux/websrv_help_functions.o
 .text          0x00000000        0x0 c:/program files (x86)/atmel/studio/7.0/toolchain/avr8/avr8-gnu-toolchain/bin/../lib/gcc/avr/4.9.2/avr5\libgcc.a(_divmodhi4.o)
 .data          0x00000000        0x0 c:/program files (x86)/atmel/studio/7.0/toolchain/avr8/avr8-gnu-toolchain/bin/../lib/gcc/avr/4.9.2/avr5\libgcc.a(_divmodhi4.o)
 .bss           0x00000000        0x0 c:/program files (x86)/atmel/studio/7.0/toolchain/avr8/avr8-gnu-toolchain/bin/../lib/gcc/avr/4.9.2/avr5\libgcc.a(_divmodhi4.o)
 .text.libgcc.mul
                0x00000000        0x0 c:/program files (x86)/atmel/studio/7.0/toolchain/avr8/avr8-gnu-toolchain/bin/../lib/gcc/avr/4.9.2/avr5\libgcc.a(_divmodhi4.o)
 .text.libgcc.div
                0x00000000       0x28 c:/program files (x86)/atmel/studio/7.0/toolchain/avr8/avr8-gnu-toolchain/bin/../lib/gcc/avr/4.9.2/avr5\libgcc.a(_divmodhi4.o)
 .text.libgcc   0x00000000        0x0 c:/program files (x86)/atmel/studio/7.0/toolchain/avr8/avr8-gnu-toolchain/bin/../lib/gcc/avr/4.9.2/avr5\libgcc.a(_divmodhi4.o)
 .text.libgcc.prologue
                0x00000000        0x0 c:/program files (x86)/atmel/studio/7.0/toolchain/avr8/avr8-gnu-toolchain/bin/../lib/gcc/avr/4.9.2/avr5\libgcc.a(_divmodhi4.o)
 .text.libgcc.builtins
                0x00000000        0x0 c:/program files (x86)/atmel/studio/7.0/toolchain/avr8/avr8-gnu-toolchain/bin/../lib/gcc/avr/4.9.2/avr5\libgcc.a(_divmodhi4.o)
 .text.libgcc.fmul
                0x00000000        0x0 c:/program files (x86)/atmel/studio/7.0/toolchain/avr8/avr8-gnu-toolchain/bin/../lib/gcc/avr/4.9.2/avr5\libgcc.a(_divmodhi4.o)
 .text.libgcc.fixed
                0x00000000        0x0 c:/program files (x86)/atmel/studio/7.0/toolchain/avr8/avr8-gnu-toolchain/bin/../lib/gcc/avr/4.9.2/avr5\libgcc.a(_divmodhi4.o)
 .text          0x00000000        0x0 c:/program files (x86)/atmel/studio/7.0/toolchain/avr8/avr8-gnu-toolchain/bin/../lib/gcc/avr/4.9.2/avr5\libgcc.a(_exit.o)
 .data          0x00000000        0x0 c:/program files (x86)/atmel/studio/7.0/toolchain/avr8/avr8-gnu-toolchain/bin/../lib/gcc/avr/4.9.2/avr5\libgcc.a(_exit.o)
 .bss           0x00000000        0x0 c:/program files (x86)/atmel/studio/7.0/toolchain/avr8/avr8-gnu-toolchain/bin/../lib/gcc/avr/4.9.2/avr5\libgcc.a(_exit.o)
 .text.libgcc.mul
                0x00000000        0x0 c:/program files (x86)/atmel/studio/7.0/toolchain/avr8/avr8-gnu-toolchain/bin/../lib/gcc/avr/4.9.2/avr5\libgcc.a(_exit.o)
 .text.libgcc.div
                0x00000000        0x0 c:/program files (x86)/atmel/studio/7.0/toolchain/avr8/avr8-gnu-toolchain/bin/../lib/gcc/avr/4.9.2/avr5\libgcc.a(_exit.o)
 .text.libgcc   0x00000000        0x0 c:/program files (x86)/atmel/studio/7.0/toolchain/avr8/avr8-gnu-toolchain/bin/../lib/gcc/avr/4.9.2/avr5\libgcc.a(_exit.o)
 .text.libgcc.prologue
                0x00000000        0x0 c:/program files (x86)/atmel/studio/7.0/toolchain/avr8/avr8-gnu-toolchain/bin/../lib/gcc/avr/4.9.2/avr5\libgcc.a(_exit.o)
 .text.libgcc.builtins
                0x00000000        0x0 c:/program files (x86)/atmel/studio/7.0/toolchain/avr8/avr8-gnu-toolchain/bin/../lib/gcc/avr/4.9.2/avr5\libgcc.a(_exit.o)
 .text.libgcc.fmul
                0x00000000        0x0 c:/program files (x86)/atmel/studio/7.0/toolchain/avr8/avr8-gnu-toolchain/bin/../lib/gcc/avr/4.9.2/avr5\libgcc.a(_exit.o)
 .text.libgcc.fixed
                0x00000000        0x0 c:/program files (x86)/atmel/studio/7.0/toolchain/avr8/avr8-gnu-toolchain/bin/../lib/gcc/avr/4.9.2/avr5\libgcc.a(_exit.o)
 .text          0x00000000        0x0 c:/program files (x86)/atmel/studio/7.0/toolchain/avr8/avr8-gnu-toolchain/bin/../lib/gcc/avr/4.9.2/avr5\libgcc.a(_copy_data.o)
 .data          0x00000000        0x0 c:/program files (x86)/atmel/studio/7.0/toolchain/avr8/avr8-gnu-toolchain/bin/../lib/gcc/avr/4.9.2/avr5\libgcc.a(_copy_data.o)
 .bss           0x00000000        0x0 c:/program files (x86)/atmel/studio/7.0/toolchain/avr8/avr8-gnu-toolchain/bin/../lib/gcc/avr/4.9.2/avr5\libgcc.a(_copy_data.o)
 .text.libgcc.mul
                0x00000000        0x0 c:/program files (x86)/atmel/studio/7.0/toolchain/avr8/avr8-gnu-toolchain/bin/../lib/gcc/avr/4.9.2/avr5\libgcc.a(_copy_data.o)
 .text.libgcc.div
                0x00000000        0x0 c:/program files (x86)/atmel/studio/7.0/toolchain/avr8/avr8-gnu-toolchain/bin/../lib/gcc/avr/4.9.2/avr5\libgcc.a(_copy_data.o)
 .text.libgcc   0x00000000        0x0 c:/program files (x86)/atmel/studio/7.0/toolchain/avr8/avr8-gnu-toolchain/bin/../lib/gcc/avr/4.9.2/avr5\libgcc.a(_copy_data.o)
 .text.libgcc.prologue
                0x00000000        0x0 c:/program files (x86)/atmel/studio/7.0/toolchain/avr8/avr8-gnu-toolchain/bin/../lib/gcc/avr/4.9.2/avr5\libgcc.a(_copy_data.o)
 .text.libgcc.builtins
                0x00000000        0x0 c:/program files (x86)/atmel/studio/7.0/toolchain/avr8/avr8-gnu-toolchain/bin/../lib/gcc/avr/4.9.2/avr5\libgcc.a(_copy_data.o)
 .text.libgcc.fmul
                0x00000000        0x0 c:/program files (x86)/atmel/studio/7.0/toolchain/avr8/avr8-gnu-toolchain/bin/../lib/gcc/avr/4.9.2/avr5\libgcc.a(_copy_data.o)
 .text.libgcc.fixed
                0x00000000        0x0 c:/program files (x86)/atmel/studio/7.0/toolchain/avr8/avr8-gnu-toolchain/bin/../lib/gcc/avr/4.9.2/avr5\libgcc.a(_copy_data.o)
 .text          0x00000000        0x0 c:/program files (x86)/atmel/studio/7.0/toolchain/avr8/avr8-gnu-toolchain/bin/../lib/gcc/avr/4.9.2/avr5\libgcc.a(_clear_bss.o)
 .data          0x00000000        0x0 c:/program files (x86)/atmel/studio/7.0/toolchain/avr8/avr8-gnu-toolchain/bin/../lib/gcc/avr/4.9.2/avr5\libgcc.a(_clear_bss.o)
 .bss           0x00000000        0x0 c:/program files (x86)/atmel/studio/7.0/toolchain/avr8/avr8-gnu-toolchain/bin/../lib/gcc/avr/4.9.2/avr5\libgcc.a(_clear_bss.o)
 .text.libgcc.mul
                0x00000000        0x0 c:/program files (x86)/atmel/studio/7.0/toolchain/avr8/avr8-gnu-toolchain/bin/../lib/gcc/avr/4.9.2/avr5\libgcc.a(_clear_bss.o)
 .text.libgcc.div
                0x00000000        0x0 c:/program files (x86)/atmel/studio/7.0/toolchain/avr8/avr8-gnu-toolchain/bin/../lib/gcc/avr/4.9.2/avr5\libgcc.a(_clear_bss.o)
 .text.libgcc   0x00000000        0x0 c:/program files (x86)/atmel/studio/7.0/toolchain/avr8/avr8-gnu-toolchain/bin/../lib/gcc/avr/4.9.2/avr5\libgcc.a(_clear_bss.o)
 .text.libgcc.prologue
                0x00000000        0x0 c:/program files (x86)/atmel/studio/7.0/toolchain/avr8/avr8-gnu-toolchain/bin/../lib/gcc/avr/4.9.2/avr5\libgcc.a(_clear_bss.o)
 .text.libgcc.builtins
                0x00000000        0x0 c:/program files (x86)/atmel/studio/7.0/toolchain/avr8/avr8-gnu-toolchain/bin/../lib/gcc/avr/4.9.2/avr5\libgcc.a(_clear_bss.o)
 .text.libgcc.fmul
                0x00000000        0x0 c:/program files (x86)/atmel/studio/7.0/toolchain/avr8/avr8-gnu-toolchain/bin/../lib/gcc/avr/4.9.2/avr5\libgcc.a(_clear_bss.o)
 .text.libgcc.fixed
                0x00000000        0x0 c:/program files (x86)/atmel/studio/7.0/toolchain/avr8/avr8-gnu-toolchain/bin/../lib/gcc/avr/4.9.2/avr5\libgcc.a(_clear_bss.o)
 .text          0x00000000        0x0 c:/program files (x86)/atmel/studio/7.0/toolchain/avr8/avr8-gnu-toolchain/bin/../lib/gcc/avr/4.9.2/avr5\libgcc.a(_udivmodhi4.o)
 .data          0x00000000        0x0 c:/program files (x86)/atmel/studio/7.0/toolchain/avr8/avr8-gnu-toolchain/bin/../lib/gcc/avr/4.9.2/avr5\libgcc.a(_udivmodhi4.o)
 .bss           0x00000000        0x0 c:/program files (x86)/atmel/studio/7.0/toolchain/avr8/avr8-gnu-toolchain/bin/../lib/gcc/avr/4.9.2/avr5\libgcc.a(_udivmodhi4.o)
 .text.libgcc.mul
                0x00000000        0x0 c:/program files (x86)/atmel/studio/7.0/toolchain/avr8/avr8-gnu-toolchain/bin/../lib/gcc/avr/4.9.2/avr5\libgcc.a(_udivmodhi4.o)
 .text.libgcc.div
                0x00000000       0x28 c:/program files (x86)/atmel/studio/7.0/toolchain/avr8/avr8-gnu-toolchain/bin/../lib/gcc/avr/4.9.2/avr5\libgcc.a(_udivmodhi4.o)
 .text.libgcc   0x00000000        0x0 c:/program files (x86)/atmel/studio/7.0/toolchain/avr8/avr8-gnu-toolchain/bin/../lib/gcc/avr/4.9.2/avr5\libgcc.a(_udivmodhi4.o)
 .text.libgcc.prologue
                0x00000000        0x0 c:/program files (x86)/atmel/studio/7.0/toolchain/avr8/avr8-gnu-toolchain/bin/../lib/gcc/avr/4.9.2/avr5\libgcc.a(_udivmodhi4.o)
 .text.libgcc.builtins
                0x00000000        0x0 c:/program files (x86)/atmel/studio/7.0/toolchain/avr8/avr8-gnu-toolchain/bin/../lib/gcc/avr/4.9.2/avr5\libgcc.a(_udivmodhi4.o)
 .text.libgcc.fmul
                0x00000000        0x0 c:/program files (x86)/atmel/studio/7.0/toolchain/avr8/avr8-gnu-toolchain/bin/../lib/gcc/avr/4.9.2/avr5\libgcc.a(_udivmodhi4.o)
 .text.libgcc.fixed
                0x00000000        0x0 c:/program files (x86)/atmel/studio/7.0/toolchain/avr8/avr8-gnu-toolchain/bin/../lib/gcc/avr/4.9.2/avr5\libgcc.a(_udivmodhi4.o)
 .text          0x00000000        0x0 c:/program files (x86)/atmel/studio/7.0/toolchain/avr8/avr8-gnu-toolchain/bin/../lib/gcc/avr/4.9.2/../../../../avr/lib/avr5\libc.a(atoi.o)
 .data          0x00000000        0x0 c:/program files (x86)/atmel/studio/7.0/toolchain/avr8/avr8-gnu-toolchain/bin/../lib/gcc/avr/4.9.2/../../../../avr/lib/avr5\libc.a(atoi.o)
 .bss           0x00000000        0x0 c:/program files (x86)/atmel/studio/7.0/toolchain/avr8/avr8-gnu-toolchain/bin/../lib/gcc/avr/4.9.2/../../../../avr/lib/avr5\libc.a(atoi.o)
 .text          0x00000000        0x0 c:/program files (x86)/atmel/studio/7.0/toolchain/avr8/avr8-gnu-toolchain/bin/../lib/gcc/avr/4.9.2/../../../../avr/lib/avr5\libc.a(isalnum.o)
 .data          0x00000000        0x0 c:/program files (x86)/atmel/studio/7.0/toolchain/avr8/avr8-gnu-toolchain/bin/../lib/gcc/avr/4.9.2/../../../../avr/lib/avr5\libc.a(isalnum.o)
 .bss           0x00000000        0x0 c:/program files (x86)/atmel/studio/7.0/toolchain/avr8/avr8-gnu-toolchain/bin/../lib/gcc/avr/4.9.2/../../../../avr/lib/avr5\libc.a(isalnum.o)
 .text.avr-libc
                0x00000000       0x14 c:/program files (x86)/atmel/studio/7.0/toolchain/avr8/avr8-gnu-toolchain/bin/../lib/gcc/avr/4.9.2/../../../../avr/lib/avr5\libc.a(isalnum.o)
 .text          0x00000000        0x0 c:/program files (x86)/atmel/studio/7.0/toolchain/avr8/avr8-gnu-toolchain/bin/../lib/gcc/avr/4.9.2/../../../../avr/lib/avr5\libc.a(cty_isfalse.o)
 .data          0x00000000        0x0 c:/program files (x86)/atmel/studio/7.0/toolchain/avr8/avr8-gnu-toolchain/bin/../lib/gcc/avr/4.9.2/../../../../avr/lib/avr5\libc.a(cty_isfalse.o)
 .bss           0x00000000        0x0 c:/program files (x86)/atmel/studio/7.0/toolchain/avr8/avr8-gnu-toolchain/bin/../lib/gcc/avr/4.9.2/../../../../avr/lib/avr5\libc.a(cty_isfalse.o)
 .text          0x00000000        0x0 c:/program files (x86)/atmel/studio/7.0/toolchain/avr8/avr8-gnu-toolchain/bin/../lib/gcc/avr/4.9.2/../../../../avr/lib/avr5\libc.a(isalpha.o)
 .data          0x00000000        0x0 c:/program files (x86)/atmel/studio/7.0/toolchain/avr8/avr8-gnu-toolchain/bin/../lib/gcc/avr/4.9.2/../../../../avr/lib/avr5\libc.a(isalpha.o)
 .bss           0x00000000        0x0 c:/program files (x86)/atmel/studio/7.0/toolchain/avr8/avr8-gnu-toolchain/bin/../lib/gcc/avr/4.9.2/../../../../avr/lib/avr5\libc.a(isalpha.o)
 .text.avr-libc
                0x00000000       0x16 c:/program files (x86)/atmel/studio/7.0/toolchain/avr8/avr8-gnu-toolchain/bin/../lib/gcc/avr/4.9.2/../../../../avr/lib/avr5\libc.a(isalpha.o)
 .text          0x00000000        0x0 c:/program files (x86)/atmel/studio/7.0/toolchain/avr8/avr8-gnu-toolchain/bin/../lib/gcc/avr/4.9.2/../../../../avr/lib/avr5\libc.a(isblank.o)
 .data          0x00000000        0x0 c:/program files (x86)/atmel/studio/7.0/toolchain/avr8/avr8-gnu-toolchain/bin/../lib/gcc/avr/4.9.2/../../../../avr/lib/avr5\libc.a(isblank.o)
 .bss           0x00000000        0x0 c:/program files (x86)/atmel/studio/7.0/toolchain/avr8/avr8-gnu-toolchain/bin/../lib/gcc/avr/4.9.2/../../../../avr/lib/avr5\libc.a(isblank.o)
 .text          0x00000000        0x0 c:/program files (x86)/atmel/studio/7.0/toolchain/avr8/avr8-gnu-toolchain/bin/../lib/gcc/avr/4.9.2/../../../../avr/lib/avr5\libc.a(memcmp.o)
 .data          0x00000000        0x0 c:/program files (x86)/atmel/studio/7.0/toolchain/avr8/avr8-gnu-toolchain/bin/../lib/gcc/avr/4.9.2/../../../../avr/lib/avr5\libc.a(memcmp.o)
 .bss           0x00000000        0x0 c:/program files (x86)/atmel/studio/7.0/toolchain/avr8/avr8-gnu-toolchain/bin/../lib/gcc/avr/4.9.2/../../../../avr/lib/avr5\libc.a(memcmp.o)
 .text          0x00000000        0x0 c:/program files (x86)/atmel/studio/7.0/toolchain/avr8/avr8-gnu-toolchain/bin/../lib/gcc/avr/4.9.2/../../../../avr/lib/avr5\libc.a(strncmp.o)
 .data          0x00000000        0x0 c:/program files (x86)/atmel/studio/7.0/toolchain/avr8/avr8-gnu-toolchain/bin/../lib/gcc/avr/4.9.2/../../../../avr/lib/avr5\libc.a(strncmp.o)
 .bss           0x00000000        0x0 c:/program files (x86)/atmel/studio/7.0/toolchain/avr8/avr8-gnu-toolchain/bin/../lib/gcc/avr/4.9.2/../../../../avr/lib/avr5\libc.a(strncmp.o)
 .text          0x00000000        0x0 c:/program files (x86)/atmel/studio/7.0/toolchain/avr8/avr8-gnu-toolchain/bin/../lib/gcc/avr/4.9.2/../../../../avr/lib/avr5\libc.a(itoa.o)
 .data          0x00000000        0x0 c:/program files (x86)/atmel/studio/7.0/toolchain/avr8/avr8-gnu-toolchain/bin/../lib/gcc/avr/4.9.2/../../../../avr/lib/avr5\libc.a(itoa.o)
 .bss           0x00000000        0x0 c:/program files (x86)/atmel/studio/7.0/toolchain/avr8/avr8-gnu-toolchain/bin/../lib/gcc/avr/4.9.2/../../../../avr/lib/avr5\libc.a(itoa.o)
 .text          0x00000000        0x0 c:/program files (x86)/atmel/studio/7.0/toolchain/avr8/avr8-gnu-toolchain/bin/../lib/gcc/avr/4.9.2/../../../../avr/lib/avr5\libc.a(itoa_ncheck.o)
 .data          0x00000000        0x0 c:/program files (x86)/atmel/studio/7.0/toolchain/avr8/avr8-gnu-toolchain/bin/../lib/gcc/avr/4.9.2/../../../../avr/lib/avr5\libc.a(itoa_ncheck.o)
 .bss           0x00000000        0x0 c:/program files (x86)/atmel/studio/7.0/toolchain/avr8/avr8-gnu-toolchain/bin/../lib/gcc/avr/4.9.2/../../../../avr/lib/avr5\libc.a(itoa_ncheck.o)
 .text          0x00000000        0x0 c:/program files (x86)/atmel/studio/7.0/toolchain/avr8/avr8-gnu-toolchain/bin/../lib/gcc/avr/4.9.2/../../../../avr/lib/avr5\libc.a(mul10.o)
 .data          0x00000000        0x0 c:/program files (x86)/atmel/studio/7.0/toolchain/avr8/avr8-gnu-toolchain/bin/../lib/gcc/avr/4.9.2/../../../../avr/lib/avr5\libc.a(mul10.o)
 .bss           0x00000000        0x0 c:/program files (x86)/atmel/studio/7.0/toolchain/avr8/avr8-gnu-toolchain/bin/../lib/gcc/avr/4.9.2/../../../../avr/lib/avr5\libc.a(mul10.o)
 .text          0x00000000        0x0 c:/program files (x86)/atmel/studio/7.0/toolchain/avr8/avr8-gnu-toolchain/bin/../lib/gcc/avr/4.9.2/../../../../avr/lib/avr5\libc.a(utoa_ncheck.o)
 .data          0x00000000        0x0 c:/program files (x86)/atmel/studio/7.0/toolchain/avr8/avr8-gnu-toolchain/bin/../lib/gcc/avr/4.9.2/../../../../avr/lib/avr5\libc.a(utoa_ncheck.o)
 .bss           0x00000000        0x0 c:/program files (x86)/atmel/studio/7.0/toolchain/avr8/avr8-gnu-toolchain/bin/../lib/gcc/avr/4.9.2/../../../../avr/lib/avr5\libc.a(utoa_ncheck.o)
 .text          0x00000000        0x0 c:/program files (x86)/atmel/studio/7.0/toolchain/avr8/avr8-gnu-toolchain/bin/../lib/gcc/avr/4.9.2/../../../../avr/lib/avr5\libc.a(strrev.o)
 .data          0x00000000        0x0 c:/program files (x86)/atmel/studio/7.0/toolchain/avr8/avr8-gnu-toolchain/bin/../lib/gcc/avr/4.9.2/../../../../avr/lib/avr5\libc.a(strrev.o)
 .bss           0x00000000        0x0 c:/program files (x86)/atmel/studio/7.0/toolchain/avr8/avr8-gnu-toolchain/bin/../lib/gcc/avr/4.9.2/../../../../avr/lib/avr5\libc.a(strrev.o)

Memory Configuration

Name             Origin             Length             Attributes
text             0x00000000         0x00020000         xr
data             0x00800060         0x0000ffa0         rw !x
eeprom           0x00810000         0x00010000         rw !x
fuse             0x00820000         0x00000400         rw !x
lock             0x00830000         0x00000400         rw !x
signature        0x00840000         0x00000400         rw !x
user_signatures  0x00850000         0x00000400         rw !x
*default*        0x00000000         0xffffffff

Linker script and memory map

LOAD C:/Program Files (x86)/Atmel/Studio/7.0/Packs/atmel/ATmega_DFP/1.0.90/gcc/dev/atmega32/avr5/crtatmega32.o
LOAD lcd/lcd_hd44780_avr.o
LOAD main.o
LOAD tux/dnslkup.o
LOAD tux/enc28j60.o
LOAD tux/ip_arp_udp_tcp.o
LOAD tux/websrv_help_functions.o
START GROUP
LOAD c:/program files (x86)/atmel/studio/7.0/toolchain/avr8/avr8-gnu-toolchain/bin/../lib/gcc/avr/4.9.2/../../../../avr/lib/avr5\libm.a
END GROUP
START GROUP
LOAD c:/program files (x86)/atmel/studio/7.0/toolchain/avr8/avr8-gnu-toolchain/bin/../lib/gcc/avr/4.9.2/avr5\libgcc.a
LOAD c:/program files (x86)/atmel/studio/7.0/toolchain/avr8/avr8-gnu-toolchain/bin/../lib/gcc/avr/4.9.2/../../../../avr/lib/avr5\libm.a
LOAD c:/program files (x86)/atmel/studio/7.0/toolchain/avr8/avr8-gnu-toolchain/bin/../lib/gcc/avr/4.9.2/../../../../avr/lib/avr5\libc.a
LOAD C:/Program Files (x86)/Atmel/Studio/7.0/Packs/atmel/ATmega_DFP/1.0.90/gcc/dev/atmega32/avr5\libatmega32.a
END GROUP

.hash
 *(.hash)

.dynsym
 *(.dynsym)

.dynstr
 *(.dynstr)

.gnu.version
 *(.gnu.version)

.gnu.version_d
 *(.gnu.version_d)

.gnu.version_r
 *(.gnu.version_r)

.rel.init
 *(.rel.init)

.rela.init
 *(.rela.init)

.rel.text
 *(.rel.text)
 *(.rel.text.*)
 *(.rel.gnu.linkonce.t*)

.rela.text
 *(.rela.text)
 *(.rela.text.*)
 *(.rela.gnu.linkonce.t*)

.rel.fini
 *(.rel.fini)

.rela.fini
 *(.rela.fini)

.rel.rodata
 *(.rel.rodata)
 *(.rel.rodata.*)
 *(.rel.gnu.linkonce.r*)

.rela.rodata
 *(.rela.rodata)
 *(.rela.rodata.*)
 *(.rela.gnu.linkonce.r*)

.rel.data
 *(.rel.data)
 *(.rel.data.*)
 *(.rel.gnu.linkonce.d*)

.rela.data
 *(.rela.data)
 *(.rela.data.*)
 *(.rela.gnu.linkonce.d*)

.rel.ctors
 *(.rel.ctors)

.rela.ctors
 *(.rela.ctors)

.rel.dtors
 *(.rel.dtors)

.rela.dtors
 *(.rela.dtors)

.rel.got
 *(.rel.got)

.rela.got
 *(.rela.got)

.rel.bss
 *(.rel.bss)

.rela.bss
 *(.rela.bss)

.rel.plt
 *(.rel.plt)

.rela.plt
 *(.rela.plt)

.text           0x00000000     0x20ac
 *(.vectors)
 .vectors       0x00000000       0x54 C:/Program Files (x86)/Atmel/Studio/7.0/Packs/atmel/ATmega_DFP/1.0.90/gcc/dev/atmega32/avr5/crtatmega32.o
                0x00000000                __vector_default
                0x00000000                __vectors
 *(.vectors)
 *(.progmem.gcc*)
                0x00000054                . = ALIGN (0x2)
                0x00000054                __trampolines_start = .
 *(.trampolines)
 .trampolines   0x00000054        0x0 linker stubs
 *(.trampolines*)
                0x00000054                __trampolines_end = .
 *(.progmem*)
 .progmem.data.__c.2296
                0x00000054       0x10 main.o
 .progmem.data.__c.2292
                0x00000064       0x54 main.o
 .progmem.data.__c.2294
                0x000000b8       0x12 main.o
 .progmem.data.__c.2257
                0x000000ca       0x10 main.o
 .progmem.data.__c.2255
                0x000000da       0x63 main.o
 .progmem.data.__c.2253
                0x0000013d        0xb main.o
 .progmem.data.__c.2251
                0x00000148       0x29 main.o
 .progmem.data.__c.2249
                0x00000171       0x29 main.o
 .progmem.data.__c.2247
                0x0000019a        0xf main.o
 .progmem.data.__c.2245
                0x000001a9        0xd main.o
 .progmem.data.__c.2243
                0x000001b6       0x19 main.o
 .progmem.data.__c.2241
                0x000001cf       0x11 main.o
 .progmem.data.__c.2239
                0x000001e0       0x10 main.o
 .progmem.data.__c.2237
                0x000001f0       0x22 main.o
 .progmem.data.__c.2229
                0x00000212       0x3f main.o
 .progmem.data.__c.2323
                0x00000251       0x36 tux/ip_arp_udp_tcp.o
 .progmem.data.__c.2321
                0x00000287       0x11 tux/ip_arp_udp_tcp.o
 .progmem.data.__c.2319
                0x00000298       0x25 tux/ip_arp_udp_tcp.o
 .progmem.data.__c.2317
                0x000002bd        0x3 tux/ip_arp_udp_tcp.o
 .progmem.data.__c.2315
                0x000002c0       0x12 tux/ip_arp_udp_tcp.o
 .progmem.data.__c.2313
                0x000002d2        0x6 tux/ip_arp_udp_tcp.o
 .progmem.data.__c.2311
                0x000002d8       0x2d tux/ip_arp_udp_tcp.o
 .progmem.data.__c.2309
                0x00000305       0x12 tux/ip_arp_udp_tcp.o
 .progmem.data.__c.2307
                0x00000317        0x5 tux/ip_arp_udp_tcp.o
 .progmem.data.arpreqhdr
                0x0000031c        0x8 tux/ip_arp_udp_tcp.o
                0x0000031c                arpreqhdr
 .progmem.data.iphdr
                0x00000324        0x9 tux/ip_arp_udp_tcp.o
                0x00000324                iphdr
                0x0000032e                . = ALIGN (0x2)
 *fill*         0x0000032d        0x1 
 *(.jumptables)
 *(.jumptables*)
 *(.lowtext)
 *(.lowtext*)
                0x0000032e                __ctors_start = .
 *(.ctors)
                0x0000032e                __ctors_end = .
                0x0000032e                __dtors_start = .
 *(.dtors)
                0x0000032e                __dtors_end = .
 SORT(*)(.ctors)
 SORT(*)(.dtors)
 *(.init0)
 .init0         0x0000032e        0x0 C:/Program Files (x86)/Atmel/Studio/7.0/Packs/atmel/ATmega_DFP/1.0.90/gcc/dev/atmega32/avr5/crtatmega32.o
                0x0000032e                __init
 *(.init0)
 *(.init1)
 *(.init1)
 *(.init2)
 .init2         0x0000032e        0xc C:/Program Files (x86)/Atmel/Studio/7.0/Packs/atmel/ATmega_DFP/1.0.90/gcc/dev/atmega32/avr5/crtatmega32.o
 *(.init2)
 *(.init3)
 *(.init3)
 *(.init4)
 .init4         0x0000033a       0x16 c:/program files (x86)/atmel/studio/7.0/toolchain/avr8/avr8-gnu-toolchain/bin/../lib/gcc/avr/4.9.2/avr5\libgcc.a(_copy_data.o)
                0x0000033a                __do_copy_data
 .init4         0x00000350       0x10 c:/program files (x86)/atmel/studio/7.0/toolchain/avr8/avr8-gnu-toolchain/bin/../lib/gcc/avr/4.9.2/avr5\libgcc.a(_clear_bss.o)
                0x00000350                __do_clear_bss
 *(.init4)
 *(.init5)
 *(.init5)
 *(.init6)
 *(.init6)
 *(.init7)
 *(.init7)
 *(.init8)
 *(.init8)
 *(.init9)
 .init9         0x00000360        0x8 C:/Program Files (x86)/Atmel/Studio/7.0/Packs/atmel/ATmega_DFP/1.0.90/gcc/dev/atmega32/avr5/crtatmega32.o
 *(.init9)
 *(.text)
 .text          0x00000368        0x4 C:/Program Files (x86)/Atmel/Studio/7.0/Packs/atmel/ATmega_DFP/1.0.90/gcc/dev/atmega32/avr5/crtatmega32.o
                0x00000368                __vector_1
                0x00000368                __vector_12
                0x00000368                __bad_interrupt
                0x00000368                __vector_6
                0x00000368                __vector_3
                0x00000368                __vector_11
                0x00000368                __vector_13
                0x00000368                __vector_17
                0x00000368                __vector_19
                0x00000368                __vector_5
                0x00000368                __vector_4
                0x00000368                __vector_9
                0x00000368                __vector_2
                0x00000368                __vector_15
                0x00000368                __vector_8
                0x00000368                __vector_14
                0x00000368                __vector_10
                0x00000368                __vector_16
                0x00000368                __vector_18
                0x00000368                __vector_20
                0x0000036c                . = ALIGN (0x2)
 *(.text.*)
 .text.ping_callback
                0x0000036c       0x22 main.o
                0x0000036c                ping_callback
 .text.browserresult_callback
                0x0000038e       0x12 main.o
                0x0000038e                browserresult_callback
 .text.arpresolver_result_callback
                0x000003a0       0x1a main.o
                0x000003a0                arpresolver_result_callback
 .text.http200ok
                0x000003ba       0x12 main.o
                0x000003ba                http200ok
 .text.print_webpage
                0x000003cc      0x188 main.o
                0x000003cc                print_webpage
 .text.__vector_7
                0x00000554       0x38 main.o
                0x00000554                __vector_7
 .text.main     0x0000058c      0x1f8 main.o
                0x0000058c                main
 .text.dnslkup_haveanswer
                0x00000784        0x6 tux/dnslkup.o
                0x00000784                dnslkup_haveanswer
 .text.dnslkup_get_error_info
                0x0000078a        0x6 tux/dnslkup.o
                0x0000078a                dnslkup_get_error_info
 .text.dnslkup_get_ip
                0x00000790       0x16 tux/dnslkup.o
                0x00000790                dnslkup_get_ip
 .text.dnslkup_request
                0x000007a6      0x10a tux/dnslkup.o
                0x000007a6                dnslkup_request
 .text.udp_client_check_for_dns_answer
                0x000008b0      0x100 tux/dnslkup.o
                0x000008b0                udp_client_check_for_dns_answer
 .text.enc28j60ReadOp
                0x000009b0       0x24 tux/enc28j60.o
                0x000009b0                enc28j60ReadOp
 .text.enc28j60WriteOp
                0x000009d4       0x16 tux/enc28j60.o
                0x000009d4                enc28j60WriteOp
 .text.enc28j60ReadBuffer
                0x000009ea       0x30 tux/enc28j60.o
                0x000009ea                enc28j60ReadBuffer
 .text.enc28j60WriteBuffer
                0x00000a1a       0x2e tux/enc28j60.o
                0x00000a1a                enc28j60WriteBuffer
 .text.enc28j60SetBank
                0x00000a48       0x4e tux/enc28j60.o
                0x00000a48                enc28j60SetBank
 .text.enc28j60Read
                0x00000a96       0x14 tux/enc28j60.o
                0x00000a96                enc28j60Read
 .text.enc28j60Write
                0x00000aaa       0x1c tux/enc28j60.o
                0x00000aaa                enc28j60Write
 .text.enc28j60PhyRead
                0x00000ac6       0x44 tux/enc28j60.o
                0x00000ac6                enc28j60PhyRead
 .text.enc28j60PhyWrite
                0x00000b0a       0x3a tux/enc28j60.o
                0x00000b0a                enc28j60PhyWrite
 .text.enc28j60clkout
                0x00000b44        0xc tux/enc28j60.o
                0x00000b44                enc28j60clkout
 .text.enc28j60Init
                0x00000b50      0x14a tux/enc28j60.o
                0x00000b50                enc28j60Init
 .text.enc28j60linkup
                0x00000c9a        0xe tux/enc28j60.o
                0x00000c9a                enc28j60linkup
 .text.enc28j60PacketSend
                0x00000ca8       0x92 tux/enc28j60.o
                0x00000ca8                enc28j60PacketSend
 .text.enc28j60PacketReceive
                0x00000d3a      0x106 tux/enc28j60.o
                0x00000d3a                enc28j60PacketReceive
 .text.www_client_internal_result_callback
                0x00000e40      0x104 tux/ip_arp_udp_tcp.o
                0x00000e40                www_client_internal_result_callback
 .text.checksum
                0x00000f44       0xfc tux/ip_arp_udp_tcp.o
                0x00000f44                checksum
 .text.init_mac
                0x00001040       0x16 tux/ip_arp_udp_tcp.o
                0x00001040                init_mac
 .text.check_ip_message_is_from
                0x00001056       0x2e tux/ip_arp_udp_tcp.o
                0x00001056                check_ip_message_is_from
 .text.eth_type_is_arp_and_my_ip
                0x00001084       0x4c tux/ip_arp_udp_tcp.o
                0x00001084                eth_type_is_arp_and_my_ip
 .text.eth_type_is_ip_and_my_ip
                0x000010d0       0x54 tux/ip_arp_udp_tcp.o
                0x000010d0                eth_type_is_ip_and_my_ip
 .text.make_eth
                0x00001124       0x26 tux/ip_arp_udp_tcp.o
                0x00001124                make_eth
 .text.fill_ip_hdr_checksum
                0x0000114a       0x2a tux/ip_arp_udp_tcp.o
                0x0000114a                fill_ip_hdr_checksum
 .text.make_ip  0x00001174       0x32 tux/ip_arp_udp_tcp.o
                0x00001174                make_ip
 .text.step_seq
                0x000011a6       0x2c tux/ip_arp_udp_tcp.o
                0x000011a6                step_seq
 .text.make_tcphead
                0x000011d2       0x2a tux/ip_arp_udp_tcp.o
                0x000011d2                make_tcphead
 .text.make_arp_answer_from_request
                0x000011fc       0x6e tux/ip_arp_udp_tcp.o
                0x000011fc                make_arp_answer_from_request
 .text.make_echo_reply_from_request
                0x0000126a       0x3a tux/ip_arp_udp_tcp.o
                0x0000126a                make_echo_reply_from_request
 .text.get_tcp_data_len
                0x000012a4       0x30 tux/ip_arp_udp_tcp.o
                0x000012a4                get_tcp_data_len
 .text.fill_tcp_data_p
                0x000012d4       0x2c tux/ip_arp_udp_tcp.o
                0x000012d4                fill_tcp_data_p
 .text.fill_tcp_data_len
                0x00001300       0x2c tux/ip_arp_udp_tcp.o
                0x00001300                fill_tcp_data_len
 .text.fill_tcp_data
                0x0000132c       0x16 tux/ip_arp_udp_tcp.o
                0x0000132c                fill_tcp_data
 .text.www_client_internal_datafill_callback
                0x00001342      0x18a tux/ip_arp_udp_tcp.o
                0x00001342                www_client_internal_datafill_callback
 .text.make_tcp_ack_from_any
                0x000014cc       0x7a tux/ip_arp_udp_tcp.o
                0x000014cc                make_tcp_ack_from_any
 .text.make_tcp_ack_with_data_noflags
                0x00001546       0x46 tux/ip_arp_udp_tcp.o
                0x00001546                make_tcp_ack_with_data_noflags
 .text.init_udp_or_www_server
                0x0000158c       0x2a tux/ip_arp_udp_tcp.o
                0x0000158c                init_udp_or_www_server
 .text.www_server_port
                0x000015b6        0xa tux/ip_arp_udp_tcp.o
                0x000015b6                www_server_port
 .text.make_tcp_synack_from_syn
                0x000015c0       0x72 tux/ip_arp_udp_tcp.o
                0x000015c0                make_tcp_synack_from_syn
 .text.www_server_reply
                0x00001632       0x30 tux/ip_arp_udp_tcp.o
                0x00001632                www_server_reply
 .text.fill_buf_p
                0x00001662       0x1c tux/ip_arp_udp_tcp.o
                0x00001662                fill_buf_p
 .text.send_udp_prepare
                0x0000167e       0xcc tux/ip_arp_udp_tcp.o
                0x0000167e                send_udp_prepare
 .text.send_udp_transmit
                0x0000174a       0x4a tux/ip_arp_udp_tcp.o
                0x0000174a                send_udp_transmit
 .text.client_arp_whohas
                0x00001794       0xb8 tux/ip_arp_udp_tcp.o
                0x00001794                client_arp_whohas
 .text.get_mac_with_arp_wait
                0x0000184c        0xe tux/ip_arp_udp_tcp.o
                0x0000184c                get_mac_with_arp_wait
 .text.get_mac_with_arp
                0x0000185a       0x26 tux/ip_arp_udp_tcp.o
                0x0000185a                get_mac_with_arp
 .text.tcp_client_syn
                0x00001880      0x124 tux/ip_arp_udp_tcp.o
                0x00001880                tcp_client_syn
 .text.client_tcp_req
                0x000019a4       0x68 tux/ip_arp_udp_tcp.o
                0x000019a4                client_tcp_req
 .text.client_browse_url
                0x00001a0c       0x88 tux/ip_arp_udp_tcp.o
                0x00001a0c                client_browse_url
 .text.register_ping_rec_callback
                0x00001a94        0xa tux/ip_arp_udp_tcp.o
                0x00001a94                register_ping_rec_callback
 .text.packetloop_arp_icmp_tcp
                0x00001a9e      0x456 tux/ip_arp_udp_tcp.o
                0x00001a9e                packetloop_arp_icmp_tcp
 .text.mk_net_str
                0x00001ef4       0x9c tux/websrv_help_functions.o
                0x00001ef4                mk_net_str
 .text.avr-libc
                0x00001f90       0x3c c:/program files (x86)/atmel/studio/7.0/toolchain/avr8/avr8-gnu-toolchain/bin/../lib/gcc/avr/4.9.2/../../../../avr/lib/avr5\libc.a(atoi.o)
                0x00001f90                atoi
 .text.avr-libc
                0x00001fcc        0x6 c:/program files (x86)/atmel/studio/7.0/toolchain/avr8/avr8-gnu-toolchain/bin/../lib/gcc/avr/4.9.2/../../../../avr/lib/avr5\libc.a(cty_isfalse.o)
                0x00001fcc                __ctype_isfalse
                0x00001fd0                __ctype_istrue
 .text.avr-libc
                0x00001fd2       0x10 c:/program files (x86)/atmel/studio/7.0/toolchain/avr8/avr8-gnu-toolchain/bin/../lib/gcc/avr/4.9.2/../../../../avr/lib/avr5\libc.a(isblank.o)
                0x00001fd2                isblank
 .text.avr-libc
                0x00001fe2       0x1a c:/program files (x86)/atmel/studio/7.0/toolchain/avr8/avr8-gnu-toolchain/bin/../lib/gcc/avr/4.9.2/../../../../avr/lib/avr5\libc.a(memcmp.o)
                0x00001fe2                memcmp
 .text.avr-libc
                0x00001ffc       0x1c c:/program files (x86)/atmel/studio/7.0/toolchain/avr8/avr8-gnu-toolchain/bin/../lib/gcc/avr/4.9.2/../../../../avr/lib/avr5\libc.a(strncmp.o)
                0x00001ffc                strncmp
 .text.avr-libc
                0x00002018       0x16 c:/program files (x86)/atmel/studio/7.0/toolchain/avr8/avr8-gnu-toolchain/bin/../lib/gcc/avr/4.9.2/../../../../avr/lib/avr5\libc.a(itoa.o)
                0x00002018                __itoa
                0x00002018                itoa
 .text.avr-libc
                0x0000202e       0x16 c:/program files (x86)/atmel/studio/7.0/toolchain/avr8/avr8-gnu-toolchain/bin/../lib/gcc/avr/4.9.2/../../../../avr/lib/avr5\libc.a(itoa_ncheck.o)
                0x0000202e                __itoa_ncheck
 .text.avr-libc
                0x00002044       0x10 c:/program files (x86)/atmel/studio/7.0/toolchain/avr8/avr8-gnu-toolchain/bin/../lib/gcc/avr/4.9.2/../../../../avr/lib/avr5\libc.a(mul10.o)
                0x00002044                __mulhi_const_10
 .text.avr-libc
                0x00002054       0x34 c:/program files (x86)/atmel/studio/7.0/toolchain/avr8/avr8-gnu-toolchain/bin/../lib/gcc/avr/4.9.2/../../../../avr/lib/avr5\libc.a(utoa_ncheck.o)
                0x00002054                __utoa_ncheck
                0x00002056                __utoa_common
 .text.avr-libc
                0x00002088       0x20 c:/program files (x86)/atmel/studio/7.0/toolchain/avr8/avr8-gnu-toolchain/bin/../lib/gcc/avr/4.9.2/../../../../avr/lib/avr5\libc.a(strrev.o)
                0x00002088                strrev
                0x000020a8                . = ALIGN (0x2)
 *(.fini9)
 .fini9         0x000020a8        0x0 c:/program files (x86)/atmel/studio/7.0/toolchain/avr8/avr8-gnu-toolchain/bin/../lib/gcc/avr/4.9.2/avr5\libgcc.a(_exit.o)
                0x000020a8                _exit
                0x000020a8                exit
 *(.fini9)
 *(.fini8)
 *(.fini8)
 *(.fini7)
 *(.fini7)
 *(.fini6)
 *(.fini6)
 *(.fini5)
 *(.fini5)
 *(.fini4)
 *(.fini4)
 *(.fini3)
 *(.fini3)
 *(.fini2)
 *(.fini2)
 *(.fini1)
 *(.fini1)
 *(.fini0)
 .fini0         0x000020a8        0x4 c:/program files (x86)/atmel/studio/7.0/toolchain/avr8/avr8-gnu-toolchain/bin/../lib/gcc/avr/4.9.2/avr5\libgcc.a(_exit.o)
 *(.fini0)
                0x000020ac                _etext = .

.data           0x00800060       0x46 load address 0x000020ac
                0x00800060                PROVIDE (__data_start, .)
 *(.data)
 *(.data*)
 .data.gwip     0x00800060        0x4 main.o
 .data.myip     0x00800064        0x4 main.o
 .data.mymac    0x00800068        0x6 main.o
 .data.dnsip    0x0080006e        0x4 tux/dnslkup.o
 .data.ipid     0x00800072        0x1 tux/ip_arp_udp_tcp.o
 .data.wwwport_l
                0x00800073        0x1 tux/ip_arp_udp_tcp.o
 .data.arp_delaycnt
                0x00800074        0x2 tux/ip_arp_udp_tcp.o
 .data.tcpclient_src_port_l
                0x00800076        0x1 tux/ip_arp_udp_tcp.o
 .data.seqnum   0x00800077        0x1 tux/ip_arp_udp_tcp.o
 *(.rodata)
 *(.rodata*)
 .rodata.str1.1
                0x00800078       0x2e main.o
 *(.gnu.linkonce.d*)
                0x008000a6                . = ALIGN (0x2)
                0x008000a6                _edata = .
                0x008000a6                PROVIDE (__data_end, .)

.bss            0x008000a6      0x2f9
                0x008000a6                PROVIDE (__bss_start, .)
 *(.bss)
 *(.bss*)
 .bss.address   0x008000a6        0x1 main.o
                0x008000a6                address
 .bss.gw_arp_state
                0x008000a7        0x1 main.o
 .bss.dns_state
                0x008000a8        0x1 main.o
 .bss.cnt2step  0x008000a9        0x1 main.o
 .bss.sec       0x008000aa        0x1 main.o
 .bss.web_client_sendok
                0x008000ab        0x1 main.o
 .bss.web_client_attempts
                0x008000ac        0x1 main.o
 .bss.start_web_client
                0x008000ad        0x1 main.o
 .bss.pingsrcip
                0x008000ae        0x4 main.o
 .bss.buf       0x008000b2      0x28b main.o
 .bss.urlvarstr
                0x0080033d       0x15 main.o
 .bss.otherside_www_ip
                0x00800352        0x4 main.o
 .bss.gwmac     0x00800356        0x6 main.o
 .bss.dns_ansError
                0x0080035c        0x1 tux/dnslkup.o
 .bss.dns_answerip
                0x0080035d        0x4 tux/dnslkup.o
 .bss.haveDNSanswer
                0x00800361        0x1 tux/dnslkup.o
 .bss.dnstid_l  0x00800362        0x1 tux/dnslkup.o
 .bss.gNextPacketPtr
                0x00800363        0x2 tux/enc28j60.o
 .bss.Enc28j60Bank
                0x00800365        0x1 tux/enc28j60.o
 .bss.info_data_len
                0x00800366        0x2 tux/ip_arp_udp_tcp.o
 .bss.wwwport_h
                0x00800368        0x1 tux/ip_arp_udp_tcp.o
 .bss.arp_reference_number
                0x00800369        0x1 tux/ip_arp_udp_tcp.o
 .bss.arpip_state
                0x0080036a        0x1 tux/ip_arp_udp_tcp.o
 .bss.arpip     0x0080036b        0x4 tux/ip_arp_udp_tcp.o
 .bss.bufptr    0x0080036f        0x2 tux/ip_arp_udp_tcp.o
 .bss.client_hoststr
                0x00800371        0x2 tux/ip_arp_udp_tcp.o
 .bss.client_urlbuf_var
                0x00800373        0x2 tux/ip_arp_udp_tcp.o
 .bss.client_urlbuf_p
                0x00800375        0x2 tux/ip_arp_udp_tcp.o
 .bss.client_postval
                0x00800377        0x2 tux/ip_arp_udp_tcp.o
 .bss.client_additionalheaderline_p
                0x00800379        0x2 tux/ip_arp_udp_tcp.o
 .bss.client_browser_callback
                0x0080037b        0x2 tux/ip_arp_udp_tcp.o
 .bss.browsertype
                0x0080037d        0x1 tux/ip_arp_udp_tcp.o
 .bss.www_fd    0x0080037e        0x1 tux/ip_arp_udp_tcp.o
 .bss.client_tcp_datafill_callback
                0x0080037f        0x2 tux/ip_arp_udp_tcp.o
 .bss.client_tcp_result_callback
                0x00800381        0x2 tux/ip_arp_udp_tcp.o
 .bss.tcp_client_port
                0x00800383        0x2 tux/ip_arp_udp_tcp.o
 .bss.tcp_client_state
                0x00800385        0x1 tux/ip_arp_udp_tcp.o
 .bss.tcp_dst_mac
                0x00800386        0x6 tux/ip_arp_udp_tcp.o
 .bss.tcp_otherside_ip
                0x0080038c        0x4 tux/ip_arp_udp_tcp.o
 .bss.tcp_fd    0x00800390        0x1 tux/ip_arp_udp_tcp.o
 .bss.icmp_callback
                0x00800391        0x2 tux/ip_arp_udp_tcp.o
 .bss.ipaddr    0x00800393        0x4 tux/ip_arp_udp_tcp.o
 .bss.macaddr   0x00800397        0x6 tux/ip_arp_udp_tcp.o
 *(COMMON)
 COMMON         0x0080039d        0x2 tux/ip_arp_udp_tcp.o
                0x0080039d                client_arp_result_callback
                0x0080039f                PROVIDE (__bss_end, .)
                0x000020ac                __data_load_start = LOADADDR (.data)
                0x000020f2                __data_load_end = (__data_load_start + SIZEOF (.data))

.noinit         0x0080039f        0x0
                0x0080039f                PROVIDE (__noinit_start, .)
 *(.noinit*)
                0x0080039f                PROVIDE (__noinit_end, .)
                0x0080039f                _end = .
                0x0080039f                PROVIDE (__heap_start, .)

.eeprom         0x00810000        0x0
 *(.eeprom*)
                0x00810000                __eeprom_end = .

.fuse
 *(.fuse)
 *(.lfuse)
 *(.hfuse)
 *(.efuse)

.lock
 *(.lock*)

.signature
 *(.signature*)

.user_signatures
 *(.user_signatures*)

.stab
 *(.stab)

.stabstr
 *(.stabstr)

.stab.excl
 *(.stab.excl)

.stab.exclstr
 *(.stab.exclstr)

.stab.index
 *(.stab.index)

.stab.indexstr
 *(.stab.indexstr)

.comment        0x00000000       0x30
 *(.comment)
 .comment       0x00000000       0x30 main.o
                                 0x31 (size before relaxing)
 .comment       0x00000030       0x31 tux/dnslkup.o
 .comment       0x00000030       0x31 tux/enc28j60.o
 .comment       0x00000030       0x31 tux/ip_arp_udp_tcp.o
 .comment       0x00000030       0x31 tux/websrv_help_functions.o

.note.gnu.avr.deviceinfo
                0x00000000       0x3c
 .note.gnu.avr.deviceinfo
                0x00000000       0x3c C:/Program Files (x86)/Atmel/Studio/7.0/Packs/atmel/ATmega_DFP/1.0.90/gcc/dev/atmega32/avr5/crtatmega32.o

.note.gnu.build-id
 *(.note.gnu.build-id)

.debug
 *(.debug)

.line
 *(.line)

.debug_srcinfo
 *(.debug_srcinfo)

.debug_sfnames
 *(.debug_sfnames)

.debug_aranges  0x00000000      0x2d0
 *(.debug_aranges)
 .debug_aranges
                0x00000000       0x50 main.o
 .debug_aranges
                0x00000050       0x48 tux/dnslkup.o
 .debug_aranges
                0x00000098       0x98 tux/enc28j60.o
 .debug_aranges
                0x00000130      0x150 tux/ip_arp_udp_tcp.o
 .debug_aranges
                0x00000280       0x50 tux/websrv_help_functions.o

.debug_pubnames
 *(.debug_pubnames)

.debug_info     0x00000000     0x40e3
 *(.debug_info .gnu.linkonce.wi.*)
 .debug_info    0x00000000      0xf6e main.o
 .debug_info    0x00000f6e      0x332 tux/dnslkup.o
 .debug_info    0x000012a0      0xc2f tux/enc28j60.o
 .debug_info    0x00001ecf     0x1d96 tux/ip_arp_udp_tcp.o
 .debug_info    0x00003c65      0x47e tux/websrv_help_functions.o

.debug_abbrev   0x00000000      0xc04
 *(.debug_abbrev)
 .debug_abbrev  0x00000000      0x2e7 main.o
 .debug_abbrev  0x000002e7      0x18c tux/dnslkup.o
 .debug_abbrev  0x00000473      0x203 tux/enc28j60.o
 .debug_abbrev  0x00000676      0x377 tux/ip_arp_udp_tcp.o
 .debug_abbrev  0x000009ed      0x217 tux/websrv_help_functions.o

.debug_line     0x00000000      0xfd8
 *(.debug_line .debug_line.* .debug_line_end)
 .debug_line    0x00000000      0x306 main.o
 .debug_line    0x00000306      0x198 tux/dnslkup.o
 .debug_line    0x0000049e      0x303 tux/enc28j60.o
 .debug_line    0x000007a1      0x632 tux/ip_arp_udp_tcp.o
 .debug_line    0x00000dd3      0x205 tux/websrv_help_functions.o

.debug_frame    0x00000000      0x9a8
 *(.debug_frame)
 .debug_frame   0x00000000       0xc4 main.o
 .debug_frame   0x000000c4       0x94 tux/dnslkup.o
 .debug_frame   0x00000158      0x1a0 tux/enc28j60.o
 .debug_frame   0x000002f8      0x558 tux/ip_arp_udp_tcp.o
 .debug_frame   0x00000850      0x158 tux/websrv_help_functions.o

.debug_str      0x00000000      0xbb7
 *(.debug_str)
 .debug_str     0x00000000      0x464 main.o
                                0x4a9 (size before relaxing)
 .debug_str     0x00000464       0xbd tux/dnslkup.o
                                0x2b8 (size before relaxing)
 .debug_str     0x00000521      0x10d tux/enc28j60.o
                                0x2f4 (size before relaxing)
 .debug_str     0x0000062e      0x4e9 tux/ip_arp_udp_tcp.o
                                0x86a (size before relaxing)
 .debug_str     0x00000b17       0xa0 tux/websrv_help_functions.o
                                0x255 (size before relaxing)

.debug_loc      0x00000000     0x4803
 *(.debug_loc)
 .debug_loc     0x00000000      0x579 main.o
 .debug_loc     0x00000579      0x556 tux/dnslkup.o
 .debug_loc     0x00000acf      0x75a tux/enc28j60.o
 .debug_loc     0x00001229     0x2a72 tux/ip_arp_udp_tcp.o
 .debug_loc     0x00003c9b      0xb68 tux/websrv_help_functions.o

.debug_macinfo
 *(.debug_macinfo)

.debug_weaknames
 *(.debug_weaknames)

.debug_funcnames
 *(.debug_funcnames)

.debug_typenames
 *(.debug_typenames)

.debug_varnames
 *(.debug_varnames)

.debug_pubtypes
 *(.debug_pubtypes)

.debug_ranges   0x00000000      0x2b0
 *(.debug_ranges)
 .debug_ranges  0x00000000       0x40 main.o
 .debug_ranges  0x00000040       0x38 tux/dnslkup.o
 .debug_ranges  0x00000078       0xa0 tux/enc28j60.o
 .debug_ranges  0x00000118      0x158 tux/ip_arp_udp_tcp.o
 .debug_ranges  0x00000270       0x40 tux/websrv_help_functions.o

.debug_macro
 *(.debug_macro)
OUTPUT(SmartHome32.elf elf32-avr)
LOAD linker stubs
